// Jest Snapshot v1, https://goo.gl/fbAQLP

exports[`Pruebas en Checkbox Debe de hacer match con el snapshot 1`] = `
<div>
  <div
    class="container--checkbox"
  >
    <span>
      Annually
    </span>
    <div
      class="checkbox"
    >
      <input
        id="checkbox"
        type="checkbox"
      />
      <label
        for="checkbox"
      />
    </div>
    <span>
      Monthly
    </span>
  </div>
</div>
`;
