// Jest Snapshot v1, https://goo.gl/fbAQLP

exports[`Pruebas en Pricing Debe de hacer match con el snapshot 1`] = `
<div>
  <div
    class="card--pricing"
  >
    <span>
      $
    </span>
    <h1>
      12
    </h1>
  </div>
</div>
`;
