// Jest Snapshot v1, https://goo.gl/fbAQLP

exports[`Pruebas en Title Debe de hacer match con el snapshot 1`] = `
<div>
  <h2
    class="title"
  >
    PRUEBA
  </h2>
</div>
`;
